[2026-08-05 14:10:26,971] [INFO] [MasterE2ERunner]: =================================================================
[2026-08-05 14:10:26,971] [INFO] [MasterE2ERunner]:   ENTERPRISE APPIUM ANDROID E2E SUITE EXECUTION START (450 CASES)
[2026-08-05 14:10:26,971] [INFO] [MasterE2ERunner]: =================================================================
[2026-08-05 14:10:26,971] [WARNING] [DriverFactory]: Could not connect to live Appium server (No module named 'appium'). Operating in Mock Driver Mode.
[2026-08-05 14:10:26,972] [INFO] [MasterE2ERunner]: Loaded 510 executable test cases across 20 modules.
[2026-08-05 14:10:26,972] [INFO] [MasterE2ERunner]: Executing [TC_AUTH_001] - Verify Authentication - Execution Scenario #1 (Authentication)
[2026-08-05 14:10:26,972] [INFO] [MasterE2ERunner]: Executing [TC_AUTH_002] - Verify Authentication - Execution Scenario #2 (Authentication)
[2026-08-05 14:10:26,972] [INFO] [MasterE2ERunner]: Executing [TC_AUTH_003] - Verify Authentication - Execution Scenario #3 (Authentication)
[2026-08-05 14:10:26,972] [INFO] [MasterE2ERunner]: Executing [TC_AUTH_004] - Verify Authentication - Execution Scenario #4 (Authentication)
[2026-08-05 14:10:26,972] [INFO] [MasterE2ERunner]: Executing [TC_AUTH_005] - Verify Authentication - Execution Scenario #5 (Authentication)
[2026-08-05 14:10:26,972] [INFO] [MasterE2ERunner]: Executing [TC_AUTH_006] - Verify Authentication - Execution Scenario #6 (Authentication)
[2026-08-05 14:10:26,973] [INFO] [MasterE2ERunner]: Executing [TC_AUTH_007] - Verify Authentication - Execution Scenario #7 (Authentication)
[2026-08-05 14:10:26,973] [INFO] [MasterE2ERunner]: Executing [TC_AUTH_008] - Verify Authentication - Execution Scenario #8 (Authentication)
[2026-08-05 14:10:26,973] [INFO] [MasterE2ERunner]: Executing [TC_AUTH_009] - Verify Authentication - Execution Scenario #9 (Authentication)
[2026-08-05 14:10:26,973] [INFO] [MasterE2ERunner]: Executing [TC_AUTH_010] - Verify Authentication - Execution Scenario #10 (Authentication)
[2026-08-05 14:10:26,973] [INFO] [MasterE2ERunner]: Executing [TC_AUTH_011] - Verify Authentication - Execution Scenario #11 (Authentication)
[2026-08-05 14:10:26,973] [INFO] [MasterE2ERunner]: Executing [TC_AUTH_012] - Verify Authentication - Execution Scenario #12 (Authentication)
[2026-08-05 14:10:26,973] [INFO] [MasterE2ERunner]: Executing [TC_AUTH_013] - Verify Authentication - Execution Scenario #13 (Authentication)
[2026-08-05 14:10:26,973] [INFO] [MasterE2ERunner]: Executing [TC_AUTH_014] - Verify Authentication - Execution Scenario #14 (Authentication)
[2026-08-05 14:10:26,973] [INFO] [MasterE2ERunner]: Executing [TC_AUTH_015] - Verify Authentication - Execution Scenario #15 (Authentication)
[2026-08-05 14:10:26,973] [INFO] [MasterE2ERunner]: Executing [TC_AUTH_016] - Verify Authentication - Execution Scenario #16 (Authentication)
[2026-08-05 14:10:26,973] [INFO] [MasterE2ERunner]: Executing [TC_AUTH_017] - Verify Authentication - Execution Scenario #17 (Authentication)
[2026-08-05 14:10:26,973] [INFO] [MasterE2ERunner]: Executing [TC_AUTH_018] - Verify Authentication - Execution Scenario #18 (Authentication)
[2026-08-05 14:10:26,973] [INFO] [MasterE2ERunner]: Executing [TC_AUTH_019] - Verify Authentication - Execution Scenario #19 (Authentication)
[2026-08-05 14:10:26,973] [INFO] [MasterE2ERunner]: Executing [TC_AUTH_020] - Verify Authentication - Execution Scenario #20 (Authentication)
[2026-08-05 14:10:26,973] [INFO] [MasterE2ERunner]: Executing [TC_AUTH_021] - Verify Authentication - Execution Scenario #21 (Authentication)
[2026-08-05 14:10:26,973] [INFO] [MasterE2ERunner]: Executing [TC_AUTH_022] - Verify Authentication - Execution Scenario #22 (Authentication)
[2026-08-05 14:10:26,973] [INFO] [MasterE2ERunner]: Executing [TC_AUTH_023] - Verify Authentication - Execution Scenario #23 (Authentication)
[2026-08-05 14:10:26,973] [INFO] [MasterE2ERunner]: Executing [TC_AUTH_024] - Verify Authentication - Execution Scenario #24 (Authentication)
[2026-08-05 14:10:26,973] [INFO] [MasterE2ERunner]: Executing [TC_AUTH_025] - Verify Authentication - Execution Scenario #25 (Authentication)
[2026-08-05 14:10:26,973] [INFO] [MasterE2ERunner]: Executing [TC_AUTH_026] - Verify Authentication - Execution Scenario #26 (Authentication)
[2026-08-05 14:10:26,973] [INFO] [MasterE2ERunner]: Executing [TC_AUTH_027] - Verify Authentication - Execution Scenario #27 (Authentication)
[2026-08-05 14:10:26,973] [INFO] [MasterE2ERunner]: Executing [TC_AUTH_028] - Verify Authentication - Execution Scenario #28 (Authentication)
[2026-08-05 14:10:26,973] [INFO] [MasterE2ERunner]: Executing [TC_AUTH_029] - Verify Authentication - Execution Scenario #29 (Authentication)
[2026-08-05 14:10:26,974] [INFO] [MasterE2ERunner]: Executing [TC_AUTH_030] - Verify Authentication - Execution Scenario #30 (Authentication)
[2026-08-05 14:10:26,974] [INFO] [MasterE2ERunner]: Executing [TC_AUTH_031] - Verify Authentication - Execution Scenario #31 (Authentication)
[2026-08-05 14:10:26,974] [INFO] [MasterE2ERunner]: Executing [TC_AUTH_032] - Verify Authentication - Execution Scenario #32 (Authentication)
[2026-08-05 14:10:26,974] [INFO] [MasterE2ERunner]: Executing [TC_AUTH_033] - Verify Authentication - Execution Scenario #33 (Authentication)
[2026-08-05 14:10:26,974] [INFO] [MasterE2ERunner]: Executing [TC_AUTH_034] - Verify Authentication - Execution Scenario #34 (Authentication)
[2026-08-05 14:10:26,974] [INFO] [MasterE2ERunner]: Executing [TC_AUTH_035] - Verify Authentication - Execution Scenario #35 (Authentication)
[2026-08-05 14:10:26,974] [INFO] [MasterE2ERunner]: Executing [TC_AUTH_036] - Verify Authentication - Execution Scenario #36 (Authentication)
[2026-08-05 14:10:26,974] [INFO] [MasterE2ERunner]: Executing [TC_AUTH_037] - Verify Authentication - Execution Scenario #37 (Authentication)
[2026-08-05 14:10:26,974] [INFO] [MasterE2ERunner]: Executing [TC_AUTH_038] - Verify Authentication - Execution Scenario #38 (Authentication)
[2026-08-05 14:10:26,974] [INFO] [MasterE2ERunner]: Executing [TC_AUTH_039] - Verify Authentication - Execution Scenario #39 (Authentication)
[2026-08-05 14:10:26,974] [INFO] [MasterE2ERunner]: Executing [TC_AUTH_040] - Verify Authentication - Execution Scenario #40 (Authentication)
[2026-08-05 14:10:26,974] [INFO] [MasterE2ERunner]: Executing [TC_AUTHZ_001] - Verify Authorization - Execution Scenario #1 (Authorization)
[2026-08-05 14:10:26,974] [INFO] [MasterE2ERunner]: Executing [TC_AUTHZ_002] - Verify Authorization - Execution Scenario #2 (Authorization)
[2026-08-05 14:10:26,974] [INFO] [MasterE2ERunner]: Executing [TC_AUTHZ_003] - Verify Authorization - Execution Scenario #3 (Authorization)
[2026-08-05 14:10:26,974] [INFO] [MasterE2ERunner]: Executing [TC_AUTHZ_004] - Verify Authorization - Execution Scenario #4 (Authorization)
[2026-08-05 14:10:26,974] [INFO] [MasterE2ERunner]: Executing [TC_AUTHZ_005] - Verify Authorization - Execution Scenario #5 (Authorization)
[2026-08-05 14:10:26,975] [WARNING] [MasterE2ERunner]: Test Failed! Captured failure screenshot: /Users/admin/Documents/divya pdd/mobile/automation/screenshots/TC_AUTHZ_005_failure_1785919226.png
[2026-08-05 14:10:26,975] [INFO] [MasterE2ERunner]: Executing [TC_AUTHZ_006] - Verify Authorization - Execution Scenario #6 (Authorization)
[2026-08-05 14:10:26,975] [INFO] [MasterE2ERunner]: Executing [TC_AUTHZ_007] - Verify Authorization - Execution Scenario #7 (Authorization)
[2026-08-05 14:10:26,975] [INFO] [MasterE2ERunner]: Executing [TC_AUTHZ_008] - Verify Authorization - Execution Scenario #8 (Authorization)
[2026-08-05 14:10:26,975] [INFO] [MasterE2ERunner]: Executing [TC_AUTHZ_009] - Verify Authorization - Execution Scenario #9 (Authorization)
[2026-08-05 14:10:26,975] [INFO] [MasterE2ERunner]: Executing [TC_AUTHZ_010] - Verify Authorization - Execution Scenario #10 (Authorization)
[2026-08-05 14:10:26,975] [INFO] [MasterE2ERunner]: Executing [TC_AUTHZ_011] - Verify Authorization - Execution Scenario #11 (Authorization)
[2026-08-05 14:10:26,975] [INFO] [MasterE2ERunner]: Executing [TC_AUTHZ_012] - Verify Authorization - Execution Scenario #12 (Authorization)
[2026-08-05 14:10:26,975] [INFO] [MasterE2ERunner]: Executing [TC_AUTHZ_013] - Verify Authorization - Execution Scenario #13 (Authorization)
[2026-08-05 14:10:26,975] [INFO] [MasterE2ERunner]: Executing [TC_AUTHZ_014] - Verify Authorization - Execution Scenario #14 (Authorization)
[2026-08-05 14:10:26,975] [INFO] [MasterE2ERunner]: Executing [TC_AUTHZ_015] - Verify Authorization - Execution Scenario #15 (Authorization)
[2026-08-05 14:10:26,976] [INFO] [MasterE2ERunner]: Executing [TC_AUTHZ_016] - Verify Authorization - Execution Scenario #16 (Authorization)
[2026-08-05 14:10:26,976] [INFO] [MasterE2ERunner]: Executing [TC_AUTHZ_017] - Verify Authorization - Execution Scenario #17 (Authorization)
[2026-08-05 14:10:26,976] [INFO] [MasterE2ERunner]: Executing [TC_AUTHZ_018] - Verify Authorization - Execution Scenario #18 (Authorization)
[2026-08-05 14:10:26,976] [INFO] [MasterE2ERunner]: Executing [TC_AUTHZ_019] - Verify Authorization - Execution Scenario #19 (Authorization)
[2026-08-05 14:10:26,976] [INFO] [MasterE2ERunner]: Executing [TC_AUTHZ_020] - Verify Authorization - Execution Scenario #20 (Authorization)
[2026-08-05 14:10:26,976] [INFO] [MasterE2ERunner]: Executing [TC_AUTHZ_021] - Verify Authorization - Execution Scenario #21 (Authorization)
[2026-08-05 14:10:26,976] [INFO] [MasterE2ERunner]: Executing [TC_AUTHZ_022] - Verify Authorization - Execution Scenario #22 (Authorization)
[2026-08-05 14:10:26,976] [INFO] [MasterE2ERunner]: Executing [TC_AUTHZ_023] - Verify Authorization - Execution Scenario #23 (Authorization)
[2026-08-05 14:10:26,976] [INFO] [MasterE2ERunner]: Executing [TC_AUTHZ_024] - Verify Authorization - Execution Scenario #24 (Authorization)
[2026-08-05 14:10:26,976] [INFO] [MasterE2ERunner]: Executing [TC_AUTHZ_025] - Verify Authorization - Execution Scenario #25 (Authorization)
[2026-08-05 14:10:26,976] [INFO] [MasterE2ERunner]: Executing [TC_AUTHZ_026] - Verify Authorization - Execution Scenario #26 (Authorization)
[2026-08-05 14:10:26,976] [INFO] [MasterE2ERunner]: Executing [TC_AUTHZ_027] - Verify Authorization - Execution Scenario #27 (Authorization)
[2026-08-05 14:10:26,976] [INFO] [MasterE2ERunner]: Executing [TC_AUTHZ_028] - Verify Authorization - Execution Scenario #28 (Authorization)
[2026-08-05 14:10:26,976] [INFO] [MasterE2ERunner]: Executing [TC_AUTHZ_029] - Verify Authorization - Execution Scenario #29 (Authorization)
[2026-08-05 14:10:26,976] [INFO] [MasterE2ERunner]: Executing [TC_AUTHZ_030] - Verify Authorization - Execution Scenario #30 (Authorization)
[2026-08-05 14:10:26,976] [INFO] [MasterE2ERunner]: Executing [TC_REG_001] - Verify Registration - Execution Scenario #1 (Registration)
[2026-08-05 14:10:26,976] [INFO] [MasterE2ERunner]: Executing [TC_REG_002] - Verify Registration - Execution Scenario #2 (Registration)
[2026-08-05 14:10:26,976] [INFO] [MasterE2ERunner]: Executing [TC_REG_003] - Verify Registration - Execution Scenario #3 (Registration)
[2026-08-05 14:10:26,976] [INFO] [MasterE2ERunner]: Executing [TC_REG_004] - Verify Registration - Execution Scenario #4 (Registration)
[2026-08-05 14:10:26,976] [INFO] [MasterE2ERunner]: Executing [TC_REG_005] - Verify Registration - Execution Scenario #5 (Registration)
[2026-08-05 14:10:26,976] [INFO] [MasterE2ERunner]: Executing [TC_REG_006] - Verify Registration - Execution Scenario #6 (Registration)
[2026-08-05 14:10:26,976] [INFO] [MasterE2ERunner]: Executing [TC_REG_007] - Verify Registration - Execution Scenario #7 (Registration)
[2026-08-05 14:10:26,976] [INFO] [MasterE2ERunner]: Executing [TC_REG_008] - Verify Registration - Execution Scenario #8 (Registration)
[2026-08-05 14:10:26,976] [INFO] [MasterE2ERunner]: Executing [TC_REG_009] - Verify Registration - Execution Scenario #9 (Registration)
[2026-08-05 14:10:26,976] [INFO] [MasterE2ERunner]: Executing [TC_REG_010] - Verify Registration - Execution Scenario #10 (Registration)
[2026-08-05 14:10:26,976] [INFO] [MasterE2ERunner]: Executing [TC_REG_011] - Verify Registration - Execution Scenario #11 (Registration)
[2026-08-05 14:10:26,976] [INFO] [MasterE2ERunner]: Executing [TC_REG_012] - Verify Registration - Execution Scenario #12 (Registration)
[2026-08-05 14:10:26,976] [INFO] [MasterE2ERunner]: Executing [TC_REG_013] - Verify Registration - Execution Scenario #13 (Registration)
[2026-08-05 14:10:26,976] [INFO] [MasterE2ERunner]: Executing [TC_REG_014] - Verify Registration - Execution Scenario #14 (Registration)
[2026-08-05 14:10:26,977] [INFO] [MasterE2ERunner]: Executing [TC_REG_015] - Verify Registration - Execution Scenario #15 (Registration)
[2026-08-05 14:10:26,977] [INFO] [MasterE2ERunner]: Executing [TC_REG_016] - Verify Registration - Execution Scenario #16 (Registration)
[2026-08-05 14:10:26,977] [INFO] [MasterE2ERunner]: Executing [TC_REG_017] - Verify Registration - Execution Scenario #17 (Registration)
[2026-08-05 14:10:26,977] [INFO] [MasterE2ERunner]: Executing [TC_REG_018] - Verify Registration - Execution Scenario #18 (Registration)
[2026-08-05 14:10:26,977] [INFO] [MasterE2ERunner]: Executing [TC_REG_019] - Verify Registration - Execution Scenario #19 (Registration)
[2026-08-05 14:10:26,977] [INFO] [MasterE2ERunner]: Executing [TC_REG_020] - Verify Registration - Execution Scenario #20 (Registration)
[2026-08-05 14:10:26,977] [INFO] [MasterE2ERunner]: Executing [TC_PROFILE_001] - Verify Profile Management - Execution Scenario #1 (Profile Management)
[2026-08-05 14:10:26,977] [INFO] [MasterE2ERunner]: Executing [TC_PROFILE_002] - Verify Profile Management - Execution Scenario #2 (Profile Management)
[2026-08-05 14:10:26,977] [INFO] [MasterE2ERunner]: Executing [TC_PROFILE_003] - Verify Profile Management - Execution Scenario #3 (Profile Management)
[2026-08-05 14:10:26,977] [INFO] [MasterE2ERunner]: Executing [TC_PROFILE_004] - Verify Profile Management - Execution Scenario #4 (Profile Management)
[2026-08-05 14:10:26,977] [INFO] [MasterE2ERunner]: Executing [TC_PROFILE_005] - Verify Profile Management - Execution Scenario #5 (Profile Management)
[2026-08-05 14:10:26,977] [INFO] [MasterE2ERunner]: Executing [TC_PROFILE_006] - Verify Profile Management - Execution Scenario #6 (Profile Management)
[2026-08-05 14:10:26,977] [INFO] [MasterE2ERunner]: Executing [TC_PROFILE_007] - Verify Profile Management - Execution Scenario #7 (Profile Management)
[2026-08-05 14:10:26,977] [INFO] [MasterE2ERunner]: Executing [TC_PROFILE_008] - Verify Profile Management - Execution Scenario #8 (Profile Management)
[2026-08-05 14:10:26,977] [INFO] [MasterE2ERunner]: Executing [TC_PROFILE_009] - Verify Profile Management - Execution Scenario #9 (Profile Management)
[2026-08-05 14:10:26,977] [INFO] [MasterE2ERunner]: Executing [TC_PROFILE_010] - Verify Profile Management - Execution Scenario #10 (Profile Management)
[2026-08-05 14:10:26,977] [INFO] [MasterE2ERunner]: Executing [TC_PROFILE_011] - Verify Profile Management - Execution Scenario #11 (Profile Management)
[2026-08-05 14:10:26,978] [INFO] [MasterE2ERunner]: Executing [TC_PROFILE_012] - Verify Profile Management - Execution Scenario #12 (Profile Management)
[2026-08-05 14:10:26,978] [INFO] [MasterE2ERunner]: Executing [TC_PROFILE_013] - Verify Profile Management - Execution Scenario #13 (Profile Management)
[2026-08-05 14:10:26,978] [INFO] [MasterE2ERunner]: Executing [TC_PROFILE_014] - Verify Profile Management - Execution Scenario #14 (Profile Management)
[2026-08-05 14:10:26,978] [INFO] [MasterE2ERunner]: Executing [TC_PROFILE_015] - Verify Profile Management - Execution Scenario #15 (Profile Management)
[2026-08-05 14:10:26,978] [INFO] [MasterE2ERunner]: Executing [TC_PROFILE_016] - Verify Profile Management - Execution Scenario #16 (Profile Management)
[2026-08-05 14:10:26,978] [INFO] [MasterE2ERunner]: Executing [TC_PROFILE_017] - Verify Profile Management - Execution Scenario #17 (Profile Management)
[2026-08-05 14:10:26,978] [INFO] [MasterE2ERunner]: Executing [TC_PROFILE_018] - Verify Profile Management - Execution Scenario #18 (Profile Management)
[2026-08-05 14:10:26,978] [INFO] [MasterE2ERunner]: Executing [TC_PROFILE_019] - Verify Profile Management - Execution Scenario #19 (Profile Management)
[2026-08-05 14:10:26,978] [INFO] [MasterE2ERunner]: Executing [TC_PROFILE_020] - Verify Profile Management - Execution Scenario #20 (Profile Management)
[2026-08-05 14:10:26,978] [INFO] [MasterE2ERunner]: Executing [TC_NAV_001] - Verify Navigation - Execution Scenario #1 (Navigation)
[2026-08-05 14:10:26,978] [INFO] [MasterE2ERunner]: Executing [TC_NAV_002] - Verify Navigation - Execution Scenario #2 (Navigation)
[2026-08-05 14:10:26,979] [WARNING] [MasterE2ERunner]: Test Failed! Captured failure screenshot: /Users/admin/Documents/divya pdd/mobile/automation/screenshots/TC_NAV_002_failure_1785919226.png
[2026-08-05 14:10:26,979] [INFO] [MasterE2ERunner]: Executing [TC_NAV_003] - Verify Navigation - Execution Scenario #3 (Navigation)
[2026-08-05 14:10:26,979] [INFO] [MasterE2ERunner]: Executing [TC_NAV_004] - Verify Navigation - Execution Scenario #4 (Navigation)
[2026-08-05 14:10:26,979] [INFO] [MasterE2ERunner]: Executing [TC_NAV_005] - Verify Navigation - Execution Scenario #5 (Navigation)
[2026-08-05 14:10:26,979] [INFO] [MasterE2ERunner]: Executing [TC_NAV_006] - Verify Navigation - Execution Scenario #6 (Navigation)
[2026-08-05 14:10:26,979] [INFO] [MasterE2ERunner]: Executing [TC_NAV_007] - Verify Navigation - Execution Scenario #7 (Navigation)
[2026-08-05 14:10:26,979] [INFO] [MasterE2ERunner]: Executing [TC_NAV_008] - Verify Navigation - Execution Scenario #8 (Navigation)
[2026-08-05 14:10:26,979] [INFO] [MasterE2ERunner]: Executing [TC_NAV_009] - Verify Navigation - Execution Scenario #9 (Navigation)
[2026-08-05 14:10:26,979] [INFO] [MasterE2ERunner]: Executing [TC_NAV_010] - Verify Navigation - Execution Scenario #10 (Navigation)
[2026-08-05 14:10:26,979] [INFO] [MasterE2ERunner]: Executing [TC_NAV_011] - Verify Navigation - Execution Scenario #11 (Navigation)
[2026-08-05 14:10:26,979] [INFO] [MasterE2ERunner]: Executing [TC_NAV_012] - Verify Navigation - Execution Scenario #12 (Navigation)
[2026-08-05 14:10:26,979] [INFO] [MasterE2ERunner]: Executing [TC_NAV_013] - Verify Navigation - Execution Scenario #13 (Navigation)
[2026-08-05 14:10:26,979] [INFO] [MasterE2ERunner]: Executing [TC_NAV_014] - Verify Navigation - Execution Scenario #14 (Navigation)
[2026-08-05 14:10:26,979] [INFO] [MasterE2ERunner]: Executing [TC_NAV_015] - Verify Navigation - Execution Scenario #15 (Navigation)
[2026-08-05 14:10:26,980] [INFO] [MasterE2ERunner]: Executing [TC_NAV_016] - Verify Navigation - Execution Scenario #16 (Navigation)
[2026-08-05 14:10:26,980] [INFO] [MasterE2ERunner]: Executing [TC_NAV_017] - Verify Navigation - Execution Scenario #17 (Navigation)
[2026-08-05 14:10:26,980] [INFO] [MasterE2ERunner]: Executing [TC_NAV_018] - Verify Navigation - Execution Scenario #18 (Navigation)
[2026-08-05 14:10:26,980] [INFO] [MasterE2ERunner]: Executing [TC_NAV_019] - Verify Navigation - Execution Scenario #19 (Navigation)
[2026-08-05 14:10:26,980] [INFO] [MasterE2ERunner]: Executing [TC_NAV_020] - Verify Navigation - Execution Scenario #20 (Navigation)
[2026-08-05 14:10:26,980] [INFO] [MasterE2ERunner]: Executing [TC_NAV_021] - Verify Navigation - Execution Scenario #21 (Navigation)
[2026-08-05 14:10:26,980] [INFO] [MasterE2ERunner]: Executing [TC_NAV_022] - Verify Navigation - Execution Scenario #22 (Navigation)
[2026-08-05 14:10:26,980] [INFO] [MasterE2ERunner]: Executing [TC_NAV_023] - Verify Navigation - Execution Scenario #23 (Navigation)
[2026-08-05 14:10:26,980] [INFO] [MasterE2ERunner]: Executing [TC_NAV_024] - Verify Navigation - Execution Scenario #24 (Navigation)
[2026-08-05 14:10:26,980] [INFO] [MasterE2ERunner]: Executing [TC_NAV_025] - Verify Navigation - Execution Scenario #25 (Navigation)
[2026-08-05 14:10:26,980] [INFO] [MasterE2ERunner]: Executing [TC_NAV_026] - Verify Navigation - Execution Scenario #26 (Navigation)
[2026-08-05 14:10:26,980] [INFO] [MasterE2ERunner]: Executing [TC_NAV_027] - Verify Navigation - Execution Scenario #27 (Navigation)
[2026-08-05 14:10:26,980] [INFO] [MasterE2ERunner]: Executing [TC_NAV_028] - Verify Navigation - Execution Scenario #28 (Navigation)
[2026-08-05 14:10:26,980] [INFO] [MasterE2ERunner]: Executing [TC_NAV_029] - Verify Navigation - Execution Scenario #29 (Navigation)
[2026-08-05 14:10:26,980] [INFO] [MasterE2ERunner]: Executing [TC_NAV_030] - Verify Navigation - Execution Scenario #30 (Navigation)
[2026-08-05 14:10:26,980] [INFO] [MasterE2ERunner]: Executing [TC_DASH_001] - Verify Dashboard - Execution Scenario #1 (Dashboard)
[2026-08-05 14:10:26,980] [INFO] [MasterE2ERunner]: Executing [TC_DASH_002] - Verify Dashboard - Execution Scenario #2 (Dashboard)
[2026-08-05 14:10:26,980] [INFO] [MasterE2ERunner]: Executing [TC_DASH_003] - Verify Dashboard - Execution Scenario #3 (Dashboard)
[2026-08-05 14:10:26,980] [INFO] [MasterE2ERunner]: Executing [TC_DASH_004] - Verify Dashboard - Execution Scenario #4 (Dashboard)
[2026-08-05 14:10:26,980] [INFO] [MasterE2ERunner]: Executing [TC_DASH_005] - Verify Dashboard - Execution Scenario #5 (Dashboard)
[2026-08-05 14:10:26,980] [INFO] [MasterE2ERunner]: Executing [TC_DASH_006] - Verify Dashboard - Execution Scenario #6 (Dashboard)
[2026-08-05 14:10:26,980] [INFO] [MasterE2ERunner]: Executing [TC_DASH_007] - Verify Dashboard - Execution Scenario #7 (Dashboard)
[2026-08-05 14:10:26,980] [INFO] [MasterE2ERunner]: Executing [TC_DASH_008] - Verify Dashboard - Execution Scenario #8 (Dashboard)
[2026-08-05 14:10:26,981] [INFO] [MasterE2ERunner]: Executing [TC_DASH_009] - Verify Dashboard - Execution Scenario #9 (Dashboard)
[2026-08-05 14:10:26,981] [INFO] [MasterE2ERunner]: Executing [TC_DASH_010] - Verify Dashboard - Execution Scenario #10 (Dashboard)
[2026-08-05 14:10:26,981] [INFO] [MasterE2ERunner]: Executing [TC_DASH_011] - Verify Dashboard - Execution Scenario #11 (Dashboard)
[2026-08-05 14:10:26,981] [INFO] [MasterE2ERunner]: Executing [TC_DASH_012] - Verify Dashboard - Execution Scenario #12 (Dashboard)
[2026-08-05 14:10:26,981] [INFO] [MasterE2ERunner]: Executing [TC_DASH_013] - Verify Dashboard - Execution Scenario #13 (Dashboard)
[2026-08-05 14:10:26,981] [INFO] [MasterE2ERunner]: Executing [TC_DASH_014] - Verify Dashboard - Execution Scenario #14 (Dashboard)
[2026-08-05 14:10:26,981] [INFO] [MasterE2ERunner]: Executing [TC_DASH_015] - Verify Dashboard - Execution Scenario #15 (Dashboard)
[2026-08-05 14:10:26,981] [INFO] [MasterE2ERunner]: Executing [TC_DASH_016] - Verify Dashboard - Execution Scenario #16 (Dashboard)
[2026-08-05 14:10:26,981] [INFO] [MasterE2ERunner]: Executing [TC_DASH_017] - Verify Dashboard - Execution Scenario #17 (Dashboard)
[2026-08-05 14:10:26,981] [INFO] [MasterE2ERunner]: Executing [TC_DASH_018] - Verify Dashboard - Execution Scenario #18 (Dashboard)
[2026-08-05 14:10:26,981] [INFO] [MasterE2ERunner]: Executing [TC_DASH_019] - Verify Dashboard - Execution Scenario #19 (Dashboard)
[2026-08-05 14:10:26,981] [INFO] [MasterE2ERunner]: Executing [TC_DASH_020] - Verify Dashboard - Execution Scenario #20 (Dashboard)
[2026-08-05 14:10:26,981] [INFO] [MasterE2ERunner]: Executing [TC_FORM_001] - Verify Forms - Execution Scenario #1 (Forms)
[2026-08-05 14:10:26,981] [INFO] [MasterE2ERunner]: Executing [TC_FORM_002] - Verify Forms - Execution Scenario #2 (Forms)
[2026-08-05 14:10:26,981] [INFO] [MasterE2ERunner]: Executing [TC_FORM_003] - Verify Forms - Execution Scenario #3 (Forms)
[2026-08-05 14:10:26,981] [INFO] [MasterE2ERunner]: Executing [TC_FORM_004] - Verify Forms - Execution Scenario #4 (Forms)
[2026-08-05 14:10:26,981] [INFO] [MasterE2ERunner]: Executing [TC_FORM_005] - Verify Forms - Execution Scenario #5 (Forms)
[2026-08-05 14:10:26,981] [INFO] [MasterE2ERunner]: Executing [TC_FORM_006] - Verify Forms - Execution Scenario #6 (Forms)
[2026-08-05 14:10:26,981] [INFO] [MasterE2ERunner]: Executing [TC_FORM_007] - Verify Forms - Execution Scenario #7 (Forms)
[2026-08-05 14:10:26,981] [INFO] [MasterE2ERunner]: Executing [TC_FORM_008] - Verify Forms - Execution Scenario #8 (Forms)
[2026-08-05 14:10:26,982] [INFO] [MasterE2ERunner]: Executing [TC_FORM_009] - Verify Forms - Execution Scenario #9 (Forms)
[2026-08-05 14:10:26,982] [INFO] [MasterE2ERunner]: Executing [TC_FORM_010] - Verify Forms - Execution Scenario #10 (Forms)
[2026-08-05 14:10:26,982] [INFO] [MasterE2ERunner]: Executing [TC_FORM_011] - Verify Forms - Execution Scenario #11 (Forms)
[2026-08-05 14:10:26,982] [INFO] [MasterE2ERunner]: Executing [TC_FORM_012] - Verify Forms - Execution Scenario #12 (Forms)
[2026-08-05 14:10:26,982] [INFO] [MasterE2ERunner]: Executing [TC_FORM_013] - Verify Forms - Execution Scenario #13 (Forms)
[2026-08-05 14:10:26,982] [INFO] [MasterE2ERunner]: Executing [TC_FORM_014] - Verify Forms - Execution Scenario #14 (Forms)
[2026-08-05 14:10:26,982] [INFO] [MasterE2ERunner]: Executing [TC_FORM_015] - Verify Forms - Execution Scenario #15 (Forms)
[2026-08-05 14:10:26,982] [INFO] [MasterE2ERunner]: Executing [TC_FORM_016] - Verify Forms - Execution Scenario #16 (Forms)
[2026-08-05 14:10:26,982] [INFO] [MasterE2ERunner]: Executing [TC_FORM_017] - Verify Forms - Execution Scenario #17 (Forms)
[2026-08-05 14:10:26,982] [INFO] [MasterE2ERunner]: Executing [TC_FORM_018] - Verify Forms - Execution Scenario #18 (Forms)
[2026-08-05 14:10:26,982] [INFO] [MasterE2ERunner]: Executing [TC_FORM_019] - Verify Forms - Execution Scenario #19 (Forms)
[2026-08-05 14:10:26,982] [INFO] [MasterE2ERunner]: Executing [TC_FORM_020] - Verify Forms - Execution Scenario #20 (Forms)
[2026-08-05 14:10:26,982] [INFO] [MasterE2ERunner]: Executing [TC_FORM_021] - Verify Forms - Execution Scenario #21 (Forms)
[2026-08-05 14:10:26,982] [INFO] [MasterE2ERunner]: Executing [TC_FORM_022] - Verify Forms - Execution Scenario #22 (Forms)
[2026-08-05 14:10:26,982] [INFO] [MasterE2ERunner]: Executing [TC_FORM_023] - Verify Forms - Execution Scenario #23 (Forms)
[2026-08-05 14:10:26,982] [INFO] [MasterE2ERunner]: Executing [TC_FORM_024] - Verify Forms - Execution Scenario #24 (Forms)
[2026-08-05 14:10:26,982] [INFO] [MasterE2ERunner]: Executing [TC_FORM_025] - Verify Forms - Execution Scenario #25 (Forms)
[2026-08-05 14:10:26,982] [INFO] [MasterE2ERunner]: Executing [TC_FORM_026] - Verify Forms - Execution Scenario #26 (Forms)
[2026-08-05 14:10:26,982] [INFO] [MasterE2ERunner]: Executing [TC_FORM_027] - Verify Forms - Execution Scenario #27 (Forms)
[2026-08-05 14:10:26,982] [INFO] [MasterE2ERunner]: Executing [TC_FORM_028] - Verify Forms - Execution Scenario #28 (Forms)
[2026-08-05 14:10:26,982] [INFO] [MasterE2ERunner]: Executing [TC_FORM_029] - Verify Forms - Execution Scenario #29 (Forms)
[2026-08-05 14:10:26,982] [INFO] [MasterE2ERunner]: Executing [TC_FORM_030] - Verify Forms - Execution Scenario #30 (Forms)
[2026-08-05 14:10:26,982] [INFO] [MasterE2ERunner]: Executing [TC_FORM_031] - Verify Forms - Execution Scenario #31 (Forms)
[2026-08-05 14:10:26,982] [INFO] [MasterE2ERunner]: Executing [TC_FORM_032] - Verify Forms - Execution Scenario #32 (Forms)
[2026-08-05 14:10:26,982] [INFO] [MasterE2ERunner]: Executing [TC_FORM_033] - Verify Forms - Execution Scenario #33 (Forms)
[2026-08-05 14:10:26,982] [INFO] [MasterE2ERunner]: Executing [TC_FORM_034] - Verify Forms - Execution Scenario #34 (Forms)
[2026-08-05 14:10:26,982] [INFO] [MasterE2ERunner]: Executing [TC_FORM_035] - Verify Forms - Execution Scenario #35 (Forms)
[2026-08-05 14:10:26,983] [INFO] [MasterE2ERunner]: Executing [TC_FORM_036] - Verify Forms - Execution Scenario #36 (Forms)
[2026-08-05 14:10:26,983] [INFO] [MasterE2ERunner]: Executing [TC_FORM_037] - Verify Forms - Execution Scenario #37 (Forms)
[2026-08-05 14:10:26,983] [INFO] [MasterE2ERunner]: Executing [TC_FORM_038] - Verify Forms - Execution Scenario #38 (Forms)
[2026-08-05 14:10:26,983] [WARNING] [MasterE2ERunner]: Test Failed! Captured failure screenshot: /Users/admin/Documents/divya pdd/mobile/automation/screenshots/TC_FORM_038_failure_1785919226.png
[2026-08-05 14:10:26,983] [INFO] [MasterE2ERunner]: Executing [TC_FORM_039] - Verify Forms - Execution Scenario #39 (Forms)
[2026-08-05 14:10:26,983] [INFO] [MasterE2ERunner]: Executing [TC_FORM_040] - Verify Forms - Execution Scenario #40 (Forms)
[2026-08-05 14:10:26,983] [INFO] [MasterE2ERunner]: Executing [TC_CRUD_001] - Verify CRUD Operations - Execution Scenario #1 (CRUD Operations)
[2026-08-05 14:10:26,983] [INFO] [MasterE2ERunner]: Executing [TC_CRUD_002] - Verify CRUD Operations - Execution Scenario #2 (CRUD Operations)
[2026-08-05 14:10:26,983] [INFO] [MasterE2ERunner]: Executing [TC_CRUD_003] - Verify CRUD Operations - Execution Scenario #3 (CRUD Operations)
[2026-08-05 14:10:26,983] [INFO] [MasterE2ERunner]: Executing [TC_CRUD_004] - Verify CRUD Operations - Execution Scenario #4 (CRUD Operations)
[2026-08-05 14:10:26,983] [INFO] [MasterE2ERunner]: Executing [TC_CRUD_005] - Verify CRUD Operations - Execution Scenario #5 (CRUD Operations)
[2026-08-05 14:10:26,983] [INFO] [MasterE2ERunner]: Executing [TC_CRUD_006] - Verify CRUD Operations - Execution Scenario #6 (CRUD Operations)
[2026-08-05 14:10:26,983] [INFO] [MasterE2ERunner]: Executing [TC_CRUD_007] - Verify CRUD Operations - Execution Scenario #7 (CRUD Operations)
[2026-08-05 14:10:26,984] [INFO] [MasterE2ERunner]: Executing [TC_CRUD_008] - Verify CRUD Operations - Execution Scenario #8 (CRUD Operations)
[2026-08-05 14:10:26,984] [INFO] [MasterE2ERunner]: Executing [TC_CRUD_009] - Verify CRUD Operations - Execution Scenario #9 (CRUD Operations)
[2026-08-05 14:10:26,984] [INFO] [MasterE2ERunner]: Executing [TC_CRUD_010] - Verify CRUD Operations - Execution Scenario #10 (CRUD Operations)
[2026-08-05 14:10:26,984] [INFO] [MasterE2ERunner]: Executing [TC_CRUD_011] - Verify CRUD Operations - Execution Scenario #11 (CRUD Operations)
[2026-08-05 14:10:26,984] [INFO] [MasterE2ERunner]: Executing [TC_CRUD_012] - Verify CRUD Operations - Execution Scenario #12 (CRUD Operations)
[2026-08-05 14:10:26,984] [INFO] [MasterE2ERunner]: Executing [TC_CRUD_013] - Verify CRUD Operations - Execution Scenario #13 (CRUD Operations)
[2026-08-05 14:10:26,984] [INFO] [MasterE2ERunner]: Executing [TC_CRUD_014] - Verify CRUD Operations - Execution Scenario #14 (CRUD Operations)
[2026-08-05 14:10:26,984] [INFO] [MasterE2ERunner]: Executing [TC_CRUD_015] - Verify CRUD Operations - Execution Scenario #15 (CRUD Operations)
[2026-08-05 14:10:26,984] [INFO] [MasterE2ERunner]: Executing [TC_CRUD_016] - Verify CRUD Operations - Execution Scenario #16 (CRUD Operations)
[2026-08-05 14:10:26,984] [INFO] [MasterE2ERunner]: Executing [TC_CRUD_017] - Verify CRUD Operations - Execution Scenario #17 (CRUD Operations)
[2026-08-05 14:10:26,984] [INFO] [MasterE2ERunner]: Executing [TC_CRUD_018] - Verify CRUD Operations - Execution Scenario #18 (CRUD Operations)
[2026-08-05 14:10:26,984] [INFO] [MasterE2ERunner]: Executing [TC_CRUD_019] - Verify CRUD Operations - Execution Scenario #19 (CRUD Operations)
[2026-08-05 14:10:26,984] [INFO] [MasterE2ERunner]: Executing [TC_CRUD_020] - Verify CRUD Operations - Execution Scenario #20 (CRUD Operations)
[2026-08-05 14:10:26,984] [INFO] [MasterE2ERunner]: Executing [TC_CRUD_021] - Verify CRUD Operations - Execution Scenario #21 (CRUD Operations)
[2026-08-05 14:10:26,984] [INFO] [MasterE2ERunner]: Executing [TC_CRUD_022] - Verify CRUD Operations - Execution Scenario #22 (CRUD Operations)
[2026-08-05 14:10:26,984] [INFO] [MasterE2ERunner]: Executing [TC_CRUD_023] - Verify CRUD Operations - Execution Scenario #23 (CRUD Operations)
[2026-08-05 14:10:26,984] [INFO] [MasterE2ERunner]: Executing [TC_CRUD_024] - Verify CRUD Operations - Execution Scenario #24 (CRUD Operations)
[2026-08-05 14:10:26,984] [INFO] [MasterE2ERunner]: Executing [TC_CRUD_025] - Verify CRUD Operations - Execution Scenario #25 (CRUD Operations)
[2026-08-05 14:10:26,984] [INFO] [MasterE2ERunner]: Executing [TC_CRUD_026] - Verify CRUD Operations - Execution Scenario #26 (CRUD Operations)
[2026-08-05 14:10:26,984] [INFO] [MasterE2ERunner]: Executing [TC_CRUD_027] - Verify CRUD Operations - Execution Scenario #27 (CRUD Operations)
[2026-08-05 14:10:26,984] [INFO] [MasterE2ERunner]: Executing [TC_CRUD_028] - Verify CRUD Operations - Execution Scenario #28 (CRUD Operations)
[2026-08-05 14:10:26,984] [INFO] [MasterE2ERunner]: Executing [TC_CRUD_029] - Verify CRUD Operations - Execution Scenario #29 (CRUD Operations)
[2026-08-05 14:10:26,984] [INFO] [MasterE2ERunner]: Executing [TC_CRUD_030] - Verify CRUD Operations - Execution Scenario #30 (CRUD Operations)
[2026-08-05 14:10:26,984] [INFO] [MasterE2ERunner]: Executing [TC_CRUD_031] - Verify CRUD Operations - Execution Scenario #31 (CRUD Operations)
[2026-08-05 14:10:26,984] [INFO] [MasterE2ERunner]: Executing [TC_CRUD_032] - Verify CRUD Operations - Execution Scenario #32 (CRUD Operations)
[2026-08-05 14:10:26,984] [INFO] [MasterE2ERunner]: Executing [TC_CRUD_033] - Verify CRUD Operations - Execution Scenario #33 (CRUD Operations)
[2026-08-05 14:10:26,985] [INFO] [MasterE2ERunner]: Executing [TC_CRUD_034] - Verify CRUD Operations - Execution Scenario #34 (CRUD Operations)
[2026-08-05 14:10:26,985] [INFO] [MasterE2ERunner]: Executing [TC_CRUD_035] - Verify CRUD Operations - Execution Scenario #35 (CRUD Operations)
[2026-08-05 14:10:26,985] [INFO] [MasterE2ERunner]: Executing [TC_CRUD_036] - Verify CRUD Operations - Execution Scenario #36 (CRUD Operations)
[2026-08-05 14:10:26,985] [INFO] [MasterE2ERunner]: Executing [TC_CRUD_037] - Verify CRUD Operations - Execution Scenario #37 (CRUD Operations)
[2026-08-05 14:10:26,985] [INFO] [MasterE2ERunner]: Executing [TC_CRUD_038] - Verify CRUD Operations - Execution Scenario #38 (CRUD Operations)
[2026-08-05 14:10:26,985] [INFO] [MasterE2ERunner]: Executing [TC_CRUD_039] - Verify CRUD Operations - Execution Scenario #39 (CRUD Operations)
[2026-08-05 14:10:26,985] [INFO] [MasterE2ERunner]: Executing [TC_CRUD_040] - Verify CRUD Operations - Execution Scenario #40 (CRUD Operations)
[2026-08-05 14:10:26,985] [INFO] [MasterE2ERunner]: Executing [TC_SRCH_001] - Verify Search - Execution Scenario #1 (Search)
[2026-08-05 14:10:26,985] [INFO] [MasterE2ERunner]: Executing [TC_SRCH_002] - Verify Search - Execution Scenario #2 (Search)
[2026-08-05 14:10:26,985] [INFO] [MasterE2ERunner]: Executing [TC_SRCH_003] - Verify Search - Execution Scenario #3 (Search)
[2026-08-05 14:10:26,985] [INFO] [MasterE2ERunner]: Executing [TC_SRCH_004] - Verify Search - Execution Scenario #4 (Search)
[2026-08-05 14:10:26,985] [INFO] [MasterE2ERunner]: Executing [TC_SRCH_005] - Verify Search - Execution Scenario #5 (Search)
[2026-08-05 14:10:26,985] [INFO] [MasterE2ERunner]: Executing [TC_SRCH_006] - Verify Search - Execution Scenario #6 (Search)
[2026-08-05 14:10:26,985] [INFO] [MasterE2ERunner]: Executing [TC_SRCH_007] - Verify Search - Execution Scenario #7 (Search)
[2026-08-05 14:10:26,985] [INFO] [MasterE2ERunner]: Executing [TC_SRCH_008] - Verify Search - Execution Scenario #8 (Search)
[2026-08-05 14:10:26,985] [INFO] [MasterE2ERunner]: Executing [TC_SRCH_009] - Verify Search - Execution Scenario #9 (Search)
[2026-08-05 14:10:26,985] [INFO] [MasterE2ERunner]: Executing [TC_SRCH_010] - Verify Search - Execution Scenario #10 (Search)
[2026-08-05 14:10:26,985] [INFO] [MasterE2ERunner]: Executing [TC_SRCH_011] - Verify Search - Execution Scenario #11 (Search)
[2026-08-05 14:10:26,985] [INFO] [MasterE2ERunner]: Executing [TC_SRCH_012] - Verify Search - Execution Scenario #12 (Search)
[2026-08-05 14:10:26,985] [INFO] [MasterE2ERunner]: Executing [TC_SRCH_013] - Verify Search - Execution Scenario #13 (Search)
[2026-08-05 14:10:26,986] [INFO] [MasterE2ERunner]: Executing [TC_SRCH_014] - Verify Search - Execution Scenario #14 (Search)
[2026-08-05 14:10:26,986] [INFO] [MasterE2ERunner]: Executing [TC_SRCH_015] - Verify Search - Execution Scenario #15 (Search)
[2026-08-05 14:10:26,986] [INFO] [MasterE2ERunner]: Executing [TC_SRCH_016] - Verify Search - Execution Scenario #16 (Search)
[2026-08-05 14:10:26,986] [WARNING] [MasterE2ERunner]: Test Failed! Captured failure screenshot: /Users/admin/Documents/divya pdd/mobile/automation/screenshots/TC_SRCH_016_failure_1785919226.png
[2026-08-05 14:10:26,986] [INFO] [MasterE2ERunner]: Executing [TC_SRCH_017] - Verify Search - Execution Scenario #17 (Search)
[2026-08-05 14:10:26,986] [INFO] [MasterE2ERunner]: Executing [TC_SRCH_018] - Verify Search - Execution Scenario #18 (Search)
[2026-08-05 14:10:26,986] [INFO] [MasterE2ERunner]: Executing [TC_SRCH_019] - Verify Search - Execution Scenario #19 (Search)
[2026-08-05 14:10:26,986] [INFO] [MasterE2ERunner]: Executing [TC_SRCH_020] - Verify Search - Execution Scenario #20 (Search)
[2026-08-05 14:10:26,986] [INFO] [MasterE2ERunner]: Executing [TC_FLTR_001] - Verify Filters - Execution Scenario #1 (Filters)
[2026-08-05 14:10:26,986] [INFO] [MasterE2ERunner]: Executing [TC_FLTR_002] - Verify Filters - Execution Scenario #2 (Filters)
[2026-08-05 14:10:26,986] [INFO] [MasterE2ERunner]: Executing [TC_FLTR_003] - Verify Filters - Execution Scenario #3 (Filters)
[2026-08-05 14:10:26,986] [INFO] [MasterE2ERunner]: Executing [TC_FLTR_004] - Verify Filters - Execution Scenario #4 (Filters)
[2026-08-05 14:10:26,986] [INFO] [MasterE2ERunner]: Executing [TC_FLTR_005] - Verify Filters - Execution Scenario #5 (Filters)
[2026-08-05 14:10:26,986] [INFO] [MasterE2ERunner]: Executing [TC_FLTR_006] - Verify Filters - Execution Scenario #6 (Filters)
[2026-08-05 14:10:26,986] [INFO] [MasterE2ERunner]: Executing [TC_FLTR_007] - Verify Filters - Execution Scenario #7 (Filters)
[2026-08-05 14:10:26,986] [INFO] [MasterE2ERunner]: Executing [TC_FLTR_008] - Verify Filters - Execution Scenario #8 (Filters)
[2026-08-05 14:10:26,986] [INFO] [MasterE2ERunner]: Executing [TC_FLTR_009] - Verify Filters - Execution Scenario #9 (Filters)
[2026-08-05 14:10:26,986] [INFO] [MasterE2ERunner]: Executing [TC_FLTR_010] - Verify Filters - Execution Scenario #10 (Filters)
[2026-08-05 14:10:26,986] [INFO] [MasterE2ERunner]: Executing [TC_FLTR_011] - Verify Filters - Execution Scenario #11 (Filters)
[2026-08-05 14:10:26,986] [INFO] [MasterE2ERunner]: Executing [TC_FLTR_012] - Verify Filters - Execution Scenario #12 (Filters)
[2026-08-05 14:10:26,986] [INFO] [MasterE2ERunner]: Executing [TC_FLTR_013] - Verify Filters - Execution Scenario #13 (Filters)
[2026-08-05 14:10:26,987] [INFO] [MasterE2ERunner]: Executing [TC_FLTR_014] - Verify Filters - Execution Scenario #14 (Filters)
[2026-08-05 14:10:26,987] [INFO] [MasterE2ERunner]: Executing [TC_FLTR_015] - Verify Filters - Execution Scenario #15 (Filters)
[2026-08-05 14:10:26,987] [INFO] [MasterE2ERunner]: Executing [TC_FLTR_016] - Verify Filters - Execution Scenario #16 (Filters)
[2026-08-05 14:10:26,987] [INFO] [MasterE2ERunner]: Executing [TC_FLTR_017] - Verify Filters - Execution Scenario #17 (Filters)
[2026-08-05 14:10:26,987] [INFO] [MasterE2ERunner]: Executing [TC_FLTR_018] - Verify Filters - Execution Scenario #18 (Filters)
[2026-08-05 14:10:26,987] [INFO] [MasterE2ERunner]: Executing [TC_FLTR_019] - Verify Filters - Execution Scenario #19 (Filters)
[2026-08-05 14:10:26,987] [INFO] [MasterE2ERunner]: Executing [TC_FLTR_020] - Verify Filters - Execution Scenario #20 (Filters)
[2026-08-05 14:10:26,987] [INFO] [MasterE2ERunner]: Executing [TC_VAL_001] - Verify Input Validation - Execution Scenario #1 (Input Validation)
[2026-08-05 14:10:26,987] [INFO] [MasterE2ERunner]: Executing [TC_VAL_002] - Verify Input Validation - Execution Scenario #2 (Input Validation)
[2026-08-05 14:10:26,987] [INFO] [MasterE2ERunner]: Executing [TC_VAL_003] - Verify Input Validation - Execution Scenario #3 (Input Validation)
[2026-08-05 14:10:26,987] [INFO] [MasterE2ERunner]: Executing [TC_VAL_004] - Verify Input Validation - Execution Scenario #4 (Input Validation)
[2026-08-05 14:10:26,987] [INFO] [MasterE2ERunner]: Executing [TC_VAL_005] - Verify Input Validation - Execution Scenario #5 (Input Validation)
[2026-08-05 14:10:26,987] [INFO] [MasterE2ERunner]: Executing [TC_VAL_006] - Verify Input Validation - Execution Scenario #6 (Input Validation)
[2026-08-05 14:10:26,987] [INFO] [MasterE2ERunner]: Executing [TC_VAL_007] - Verify Input Validation - Execution Scenario #7 (Input Validation)
[2026-08-05 14:10:26,987] [INFO] [MasterE2ERunner]: Executing [TC_VAL_008] - Verify Input Validation - Execution Scenario #8 (Input Validation)
[2026-08-05 14:10:26,987] [INFO] [MasterE2ERunner]: Executing [TC_VAL_009] - Verify Input Validation - Execution Scenario #9 (Input Validation)
[2026-08-05 14:10:26,987] [INFO] [MasterE2ERunner]: Executing [TC_VAL_010] - Verify Input Validation - Execution Scenario #10 (Input Validation)
[2026-08-05 14:10:26,987] [INFO] [MasterE2ERunner]: Executing [TC_VAL_011] - Verify Input Validation - Execution Scenario #11 (Input Validation)
[2026-08-05 14:10:26,987] [INFO] [MasterE2ERunner]: Executing [TC_VAL_012] - Verify Input Validation - Execution Scenario #12 (Input Validation)
[2026-08-05 14:10:26,987] [INFO] [MasterE2ERunner]: Executing [TC_VAL_013] - Verify Input Validation - Execution Scenario #13 (Input Validation)
[2026-08-05 14:10:26,987] [INFO] [MasterE2ERunner]: Executing [TC_VAL_014] - Verify Input Validation - Execution Scenario #14 (Input Validation)
[2026-08-05 14:10:26,987] [INFO] [MasterE2ERunner]: Executing [TC_VAL_015] - Verify Input Validation - Execution Scenario #15 (Input Validation)
[2026-08-05 14:10:26,987] [INFO] [MasterE2ERunner]: Executing [TC_VAL_016] - Verify Input Validation - Execution Scenario #16 (Input Validation)
[2026-08-05 14:10:26,987] [INFO] [MasterE2ERunner]: Executing [TC_VAL_017] - Verify Input Validation - Execution Scenario #17 (Input Validation)
[2026-08-05 14:10:26,987] [INFO] [MasterE2ERunner]: Executing [TC_VAL_018] - Verify Input Validation - Execution Scenario #18 (Input Validation)
[2026-08-05 14:10:26,987] [INFO] [MasterE2ERunner]: Executing [TC_VAL_019] - Verify Input Validation - Execution Scenario #19 (Input Validation)
[2026-08-05 14:10:26,987] [INFO] [MasterE2ERunner]: Executing [TC_VAL_020] - Verify Input Validation - Execution Scenario #20 (Input Validation)
[2026-08-05 14:10:26,987] [INFO] [MasterE2ERunner]: Executing [TC_VAL_021] - Verify Input Validation - Execution Scenario #21 (Input Validation)
[2026-08-05 14:10:26,988] [INFO] [MasterE2ERunner]: Executing [TC_VAL_022] - Verify Input Validation - Execution Scenario #22 (Input Validation)
[2026-08-05 14:10:26,988] [INFO] [MasterE2ERunner]: Executing [TC_VAL_023] - Verify Input Validation - Execution Scenario #23 (Input Validation)
[2026-08-05 14:10:26,988] [INFO] [MasterE2ERunner]: Executing [TC_VAL_024] - Verify Input Validation - Execution Scenario #24 (Input Validation)
[2026-08-05 14:10:26,988] [INFO] [MasterE2ERunner]: Executing [TC_VAL_025] - Verify Input Validation - Execution Scenario #25 (Input Validation)
[2026-08-05 14:10:26,988] [INFO] [MasterE2ERunner]: Executing [TC_VAL_026] - Verify Input Validation - Execution Scenario #26 (Input Validation)
[2026-08-05 14:10:26,988] [INFO] [MasterE2ERunner]: Executing [TC_VAL_027] - Verify Input Validation - Execution Scenario #27 (Input Validation)
[2026-08-05 14:10:26,988] [INFO] [MasterE2ERunner]: Executing [TC_VAL_028] - Verify Input Validation - Execution Scenario #28 (Input Validation)
[2026-08-05 14:10:26,988] [INFO] [MasterE2ERunner]: Executing [TC_VAL_029] - Verify Input Validation - Execution Scenario #29 (Input Validation)
[2026-08-05 14:10:26,988] [INFO] [MasterE2ERunner]: Executing [TC_VAL_030] - Verify Input Validation - Execution Scenario #30 (Input Validation)
[2026-08-05 14:10:26,988] [INFO] [MasterE2ERunner]: Executing [TC_VAL_031] - Verify Input Validation - Execution Scenario #31 (Input Validation)
[2026-08-05 14:10:26,988] [INFO] [MasterE2ERunner]: Executing [TC_VAL_032] - Verify Input Validation - Execution Scenario #32 (Input Validation)
[2026-08-05 14:10:26,988] [INFO] [MasterE2ERunner]: Executing [TC_VAL_033] - Verify Input Validation - Execution Scenario #33 (Input Validation)
[2026-08-05 14:10:26,988] [INFO] [MasterE2ERunner]: Executing [TC_VAL_034] - Verify Input Validation - Execution Scenario #34 (Input Validation)
[2026-08-05 14:10:26,988] [INFO] [MasterE2ERunner]: Executing [TC_VAL_035] - Verify Input Validation - Execution Scenario #35 (Input Validation)
[2026-08-05 14:10:26,988] [INFO] [MasterE2ERunner]: Executing [TC_VAL_036] - Verify Input Validation - Execution Scenario #36 (Input Validation)
[2026-08-05 14:10:26,989] [INFO] [MasterE2ERunner]: Executing [TC_VAL_037] - Verify Input Validation - Execution Scenario #37 (Input Validation)
[2026-08-05 14:10:26,989] [INFO] [MasterE2ERunner]: Executing [TC_VAL_038] - Verify Input Validation - Execution Scenario #38 (Input Validation)
[2026-08-05 14:10:26,989] [INFO] [MasterE2ERunner]: Executing [TC_VAL_039] - Verify Input Validation - Execution Scenario #39 (Input Validation)
[2026-08-05 14:10:26,989] [INFO] [MasterE2ERunner]: Executing [TC_VAL_040] - Verify Input Validation - Execution Scenario #40 (Input Validation)
[2026-08-05 14:10:26,989] [INFO] [MasterE2ERunner]: Executing [TC_ERR_001] - Verify Error Handling - Execution Scenario #1 (Error Handling)
[2026-08-05 14:10:26,989] [INFO] [MasterE2ERunner]: Executing [TC_ERR_002] - Verify Error Handling - Execution Scenario #2 (Error Handling)
[2026-08-05 14:10:26,989] [INFO] [MasterE2ERunner]: Executing [TC_ERR_003] - Verify Error Handling - Execution Scenario #3 (Error Handling)
[2026-08-05 14:10:26,989] [INFO] [MasterE2ERunner]: Executing [TC_ERR_004] - Verify Error Handling - Execution Scenario #4 (Error Handling)
[2026-08-05 14:10:26,989] [INFO] [MasterE2ERunner]: Executing [TC_ERR_005] - Verify Error Handling - Execution Scenario #5 (Error Handling)
[2026-08-05 14:10:26,989] [INFO] [MasterE2ERunner]: Executing [TC_ERR_006] - Verify Error Handling - Execution Scenario #6 (Error Handling)
[2026-08-05 14:10:26,989] [INFO] [MasterE2ERunner]: Executing [TC_ERR_007] - Verify Error Handling - Execution Scenario #7 (Error Handling)
[2026-08-05 14:10:26,989] [INFO] [MasterE2ERunner]: Executing [TC_ERR_008] - Verify Error Handling - Execution Scenario #8 (Error Handling)
[2026-08-05 14:10:26,989] [INFO] [MasterE2ERunner]: Executing [TC_ERR_009] - Verify Error Handling - Execution Scenario #9 (Error Handling)
[2026-08-05 14:10:26,989] [INFO] [MasterE2ERunner]: Executing [TC_ERR_010] - Verify Error Handling - Execution Scenario #10 (Error Handling)
[2026-08-05 14:10:26,989] [INFO] [MasterE2ERunner]: Executing [TC_ERR_011] - Verify Error Handling - Execution Scenario #11 (Error Handling)
[2026-08-05 14:10:26,989] [INFO] [MasterE2ERunner]: Executing [TC_ERR_012] - Verify Error Handling - Execution Scenario #12 (Error Handling)
[2026-08-05 14:10:26,989] [INFO] [MasterE2ERunner]: Executing [TC_ERR_013] - Verify Error Handling - Execution Scenario #13 (Error Handling)
[2026-08-05 14:10:26,989] [INFO] [MasterE2ERunner]: Executing [TC_ERR_014] - Verify Error Handling - Execution Scenario #14 (Error Handling)
[2026-08-05 14:10:26,989] [INFO] [MasterE2ERunner]: Executing [TC_ERR_015] - Verify Error Handling - Execution Scenario #15 (Error Handling)
[2026-08-05 14:10:26,989] [INFO] [MasterE2ERunner]: Executing [TC_ERR_016] - Verify Error Handling - Execution Scenario #16 (Error Handling)
[2026-08-05 14:10:26,989] [INFO] [MasterE2ERunner]: Executing [TC_ERR_017] - Verify Error Handling - Execution Scenario #17 (Error Handling)
[2026-08-05 14:10:26,989] [INFO] [MasterE2ERunner]: Executing [TC_ERR_018] - Verify Error Handling - Execution Scenario #18 (Error Handling)
[2026-08-05 14:10:26,989] [INFO] [MasterE2ERunner]: Executing [TC_ERR_019] - Verify Error Handling - Execution Scenario #19 (Error Handling)
[2026-08-05 14:10:26,989] [INFO] [MasterE2ERunner]: Executing [TC_ERR_020] - Verify Error Handling - Execution Scenario #20 (Error Handling)
[2026-08-05 14:10:26,990] [INFO] [MasterE2ERunner]: Executing [TC_SESS_001] - Verify Session Management - Execution Scenario #1 (Session Management)
[2026-08-05 14:10:26,990] [INFO] [MasterE2ERunner]: Executing [TC_SESS_002] - Verify Session Management - Execution Scenario #2 (Session Management)
[2026-08-05 14:10:26,990] [INFO] [MasterE2ERunner]: Executing [TC_SESS_003] - Verify Session Management - Execution Scenario #3 (Session Management)
[2026-08-05 14:10:26,990] [INFO] [MasterE2ERunner]: Executing [TC_SESS_004] - Verify Session Management - Execution Scenario #4 (Session Management)
[2026-08-05 14:10:26,990] [INFO] [MasterE2ERunner]: Executing [TC_SESS_005] - Verify Session Management - Execution Scenario #5 (Session Management)
[2026-08-05 14:10:26,990] [INFO] [MasterE2ERunner]: Executing [TC_SESS_006] - Verify Session Management - Execution Scenario #6 (Session Management)
[2026-08-05 14:10:26,990] [INFO] [MasterE2ERunner]: Executing [TC_SESS_007] - Verify Session Management - Execution Scenario #7 (Session Management)
[2026-08-05 14:10:26,990] [INFO] [MasterE2ERunner]: Executing [TC_SESS_008] - Verify Session Management - Execution Scenario #8 (Session Management)
[2026-08-05 14:10:26,990] [INFO] [MasterE2ERunner]: Executing [TC_SESS_009] - Verify Session Management - Execution Scenario #9 (Session Management)
[2026-08-05 14:10:26,990] [INFO] [MasterE2ERunner]: Executing [TC_SESS_010] - Verify Session Management - Execution Scenario #10 (Session Management)
[2026-08-05 14:10:26,990] [INFO] [MasterE2ERunner]: Executing [TC_SESS_011] - Verify Session Management - Execution Scenario #11 (Session Management)
[2026-08-05 14:10:26,990] [INFO] [MasterE2ERunner]: Executing [TC_SESS_012] - Verify Session Management - Execution Scenario #12 (Session Management)
[2026-08-05 14:10:26,990] [INFO] [MasterE2ERunner]: Executing [TC_SESS_013] - Verify Session Management - Execution Scenario #13 (Session Management)
[2026-08-05 14:10:26,990] [INFO] [MasterE2ERunner]: Executing [TC_SESS_014] - Verify Session Management - Execution Scenario #14 (Session Management)
[2026-08-05 14:10:26,990] [INFO] [MasterE2ERunner]: Executing [TC_SESS_015] - Verify Session Management - Execution Scenario #15 (Session Management)
[2026-08-05 14:10:26,990] [INFO] [MasterE2ERunner]: Executing [TC_SESS_016] - Verify Session Management - Execution Scenario #16 (Session Management)
[2026-08-05 14:10:26,990] [INFO] [MasterE2ERunner]: Executing [TC_SESS_017] - Verify Session Management - Execution Scenario #17 (Session Management)
[2026-08-05 14:10:26,990] [INFO] [MasterE2ERunner]: Executing [TC_SESS_018] - Verify Session Management - Execution Scenario #18 (Session Management)
[2026-08-05 14:10:26,990] [INFO] [MasterE2ERunner]: Executing [TC_SESS_019] - Verify Session Management - Execution Scenario #19 (Session Management)
[2026-08-05 14:10:26,990] [INFO] [MasterE2ERunner]: Executing [TC_SESS_020] - Verify Session Management - Execution Scenario #20 (Session Management)
[2026-08-05 14:10:26,990] [INFO] [MasterE2ERunner]: Executing [TC_NOTIF_001] - Verify Notifications - Execution Scenario #1 (Notifications)
[2026-08-05 14:10:26,990] [INFO] [MasterE2ERunner]: Executing [TC_NOTIF_002] - Verify Notifications - Execution Scenario #2 (Notifications)
[2026-08-05 14:10:26,990] [INFO] [MasterE2ERunner]: Executing [TC_NOTIF_003] - Verify Notifications - Execution Scenario #3 (Notifications)
[2026-08-05 14:10:26,991] [INFO] [MasterE2ERunner]: Executing [TC_NOTIF_004] - Verify Notifications - Execution Scenario #4 (Notifications)
[2026-08-05 14:10:26,991] [INFO] [MasterE2ERunner]: Executing [TC_NOTIF_005] - Verify Notifications - Execution Scenario #5 (Notifications)
[2026-08-05 14:10:26,991] [INFO] [MasterE2ERunner]: Executing [TC_NOTIF_006] - Verify Notifications - Execution Scenario #6 (Notifications)
[2026-08-05 14:10:26,991] [INFO] [MasterE2ERunner]: Executing [TC_NOTIF_007] - Verify Notifications - Execution Scenario #7 (Notifications)
[2026-08-05 14:10:26,991] [INFO] [MasterE2ERunner]: Executing [TC_NOTIF_008] - Verify Notifications - Execution Scenario #8 (Notifications)
[2026-08-05 14:10:26,991] [INFO] [MasterE2ERunner]: Executing [TC_NOTIF_009] - Verify Notifications - Execution Scenario #9 (Notifications)
[2026-08-05 14:10:26,991] [INFO] [MasterE2ERunner]: Executing [TC_NOTIF_010] - Verify Notifications - Execution Scenario #10 (Notifications)
[2026-08-05 14:10:26,991] [INFO] [MasterE2ERunner]: Executing [TC_NOTIF_011] - Verify Notifications - Execution Scenario #11 (Notifications)
[2026-08-05 14:10:26,991] [INFO] [MasterE2ERunner]: Executing [TC_NOTIF_012] - Verify Notifications - Execution Scenario #12 (Notifications)
[2026-08-05 14:10:26,991] [INFO] [MasterE2ERunner]: Executing [TC_NOTIF_013] - Verify Notifications - Execution Scenario #13 (Notifications)
[2026-08-05 14:10:26,991] [INFO] [MasterE2ERunner]: Executing [TC_NOTIF_014] - Verify Notifications - Execution Scenario #14 (Notifications)
[2026-08-05 14:10:26,991] [INFO] [MasterE2ERunner]: Executing [TC_NOTIF_015] - Verify Notifications - Execution Scenario #15 (Notifications)
[2026-08-05 14:10:26,991] [INFO] [MasterE2ERunner]: Executing [TC_NOTIF_016] - Verify Notifications - Execution Scenario #16 (Notifications)
[2026-08-05 14:10:26,991] [INFO] [MasterE2ERunner]: Executing [TC_NOTIF_017] - Verify Notifications - Execution Scenario #17 (Notifications)
[2026-08-05 14:10:26,991] [INFO] [MasterE2ERunner]: Executing [TC_NOTIF_018] - Verify Notifications - Execution Scenario #18 (Notifications)
[2026-08-05 14:10:26,991] [INFO] [MasterE2ERunner]: Executing [TC_NOTIF_019] - Verify Notifications - Execution Scenario #19 (Notifications)
[2026-08-05 14:10:26,991] [INFO] [MasterE2ERunner]: Executing [TC_NOTIF_020] - Verify Notifications - Execution Scenario #20 (Notifications)
[2026-08-05 14:10:26,991] [WARNING] [MasterE2ERunner]: Test Failed! Captured failure screenshot: /Users/admin/Documents/divya pdd/mobile/automation/screenshots/TC_NOTIF_020_failure_1785919226.png
[2026-08-05 14:10:26,991] [INFO] [MasterE2ERunner]: Executing [TC_FILE_001] - Verify File Upload - Execution Scenario #1 (File Upload)
[2026-08-05 14:10:26,992] [INFO] [MasterE2ERunner]: Executing [TC_FILE_002] - Verify File Upload - Execution Scenario #2 (File Upload)
[2026-08-05 14:10:26,992] [INFO] [MasterE2ERunner]: Executing [TC_FILE_003] - Verify File Upload - Execution Scenario #3 (File Upload)
[2026-08-05 14:10:26,992] [INFO] [MasterE2ERunner]: Executing [TC_FILE_004] - Verify File Upload - Execution Scenario #4 (File Upload)
[2026-08-05 14:10:26,992] [INFO] [MasterE2ERunner]: Executing [TC_FILE_005] - Verify File Upload - Execution Scenario #5 (File Upload)
[2026-08-05 14:10:26,992] [INFO] [MasterE2ERunner]: Executing [TC_FILE_006] - Verify File Upload - Execution Scenario #6 (File Upload)
[2026-08-05 14:10:26,992] [INFO] [MasterE2ERunner]: Executing [TC_FILE_007] - Verify File Upload - Execution Scenario #7 (File Upload)
[2026-08-05 14:10:26,992] [INFO] [MasterE2ERunner]: Executing [TC_FILE_008] - Verify File Upload - Execution Scenario #8 (File Upload)
[2026-08-05 14:10:26,992] [INFO] [MasterE2ERunner]: Executing [TC_FILE_009] - Verify File Upload - Execution Scenario #9 (File Upload)
[2026-08-05 14:10:26,992] [INFO] [MasterE2ERunner]: Executing [TC_FILE_010] - Verify File Upload - Execution Scenario #10 (File Upload)
[2026-08-05 14:10:26,992] [INFO] [MasterE2ERunner]: Executing [TC_FILE_011] - Verify File Upload - Execution Scenario #11 (File Upload)
[2026-08-05 14:10:26,992] [INFO] [MasterE2ERunner]: Executing [TC_FILE_012] - Verify File Upload - Execution Scenario #12 (File Upload)
[2026-08-05 14:10:26,992] [INFO] [MasterE2ERunner]: Executing [TC_FILE_013] - Verify File Upload - Execution Scenario #13 (File Upload)
[2026-08-05 14:10:26,992] [INFO] [MasterE2ERunner]: Executing [TC_FILE_014] - Verify File Upload - Execution Scenario #14 (File Upload)
[2026-08-05 14:10:26,992] [INFO] [MasterE2ERunner]: Executing [TC_FILE_015] - Verify File Upload - Execution Scenario #15 (File Upload)
[2026-08-05 14:10:26,992] [INFO] [MasterE2ERunner]: Executing [TC_FILE_016] - Verify File Upload - Execution Scenario #16 (File Upload)
[2026-08-05 14:10:26,992] [INFO] [MasterE2ERunner]: Executing [TC_FILE_017] - Verify File Upload - Execution Scenario #17 (File Upload)
[2026-08-05 14:10:26,992] [INFO] [MasterE2ERunner]: Executing [TC_FILE_018] - Verify File Upload - Execution Scenario #18 (File Upload)
[2026-08-05 14:10:26,992] [INFO] [MasterE2ERunner]: Executing [TC_FILE_019] - Verify File Upload - Execution Scenario #19 (File Upload)
[2026-08-05 14:10:26,992] [INFO] [MasterE2ERunner]: Executing [TC_FILE_020] - Verify File Upload - Execution Scenario #20 (File Upload)
[2026-08-05 14:10:26,992] [INFO] [MasterE2ERunner]: Executing [TC_OFFLINE_001] - Verify Offline Handling - Execution Scenario #1 (Offline Handling)
[2026-08-05 14:10:26,993] [INFO] [MasterE2ERunner]: Executing [TC_OFFLINE_002] - Verify Offline Handling - Execution Scenario #2 (Offline Handling)
[2026-08-05 14:10:26,993] [INFO] [MasterE2ERunner]: Executing [TC_OFFLINE_003] - Verify Offline Handling - Execution Scenario #3 (Offline Handling)
[2026-08-05 14:10:26,993] [INFO] [MasterE2ERunner]: Executing [TC_OFFLINE_004] - Verify Offline Handling - Execution Scenario #4 (Offline Handling)
[2026-08-05 14:10:26,993] [INFO] [MasterE2ERunner]: Executing [TC_OFFLINE_005] - Verify Offline Handling - Execution Scenario #5 (Offline Handling)
[2026-08-05 14:10:26,993] [INFO] [MasterE2ERunner]: Executing [TC_OFFLINE_006] - Verify Offline Handling - Execution Scenario #6 (Offline Handling)
[2026-08-05 14:10:26,993] [INFO] [MasterE2ERunner]: Executing [TC_OFFLINE_007] - Verify Offline Handling - Execution Scenario #7 (Offline Handling)
[2026-08-05 14:10:26,993] [INFO] [MasterE2ERunner]: Executing [TC_OFFLINE_008] - Verify Offline Handling - Execution Scenario #8 (Offline Handling)
[2026-08-05 14:10:26,993] [INFO] [MasterE2ERunner]: Executing [TC_OFFLINE_009] - Verify Offline Handling - Execution Scenario #9 (Offline Handling)
[2026-08-05 14:10:26,993] [INFO] [MasterE2ERunner]: Executing [TC_OFFLINE_010] - Verify Offline Handling - Execution Scenario #10 (Offline Handling)
[2026-08-05 14:10:26,993] [INFO] [MasterE2ERunner]: Executing [TC_A11Y_001] - Verify Accessibility - Execution Scenario #1 (Accessibility)
[2026-08-05 14:10:26,993] [INFO] [MasterE2ERunner]: Executing [TC_A11Y_002] - Verify Accessibility - Execution Scenario #2 (Accessibility)
[2026-08-05 14:10:26,993] [INFO] [MasterE2ERunner]: Executing [TC_A11Y_003] - Verify Accessibility - Execution Scenario #3 (Accessibility)
[2026-08-05 14:10:26,993] [INFO] [MasterE2ERunner]: Executing [TC_A11Y_004] - Verify Accessibility - Execution Scenario #4 (Accessibility)
[2026-08-05 14:10:26,993] [INFO] [MasterE2ERunner]: Executing [TC_A11Y_005] - Verify Accessibility - Execution Scenario #5 (Accessibility)
[2026-08-05 14:10:26,993] [INFO] [MasterE2ERunner]: Executing [TC_A11Y_006] - Verify Accessibility - Execution Scenario #6 (Accessibility)
[2026-08-05 14:10:26,993] [INFO] [MasterE2ERunner]: Executing [TC_A11Y_007] - Verify Accessibility - Execution Scenario #7 (Accessibility)
[2026-08-05 14:10:26,993] [INFO] [MasterE2ERunner]: Executing [TC_A11Y_008] - Verify Accessibility - Execution Scenario #8 (Accessibility)
[2026-08-05 14:10:26,993] [INFO] [MasterE2ERunner]: Executing [TC_A11Y_009] - Verify Accessibility - Execution Scenario #9 (Accessibility)
[2026-08-05 14:10:26,993] [INFO] [MasterE2ERunner]: Executing [TC_A11Y_010] - Verify Accessibility - Execution Scenario #10 (Accessibility)
[2026-08-05 14:10:26,993] [INFO] [MasterE2ERunner]: Executing [TC_A11Y_011] - Verify Accessibility - Execution Scenario #11 (Accessibility)
[2026-08-05 14:10:26,993] [INFO] [MasterE2ERunner]: Executing [TC_A11Y_012] - Verify Accessibility - Execution Scenario #12 (Accessibility)
[2026-08-05 14:10:26,993] [INFO] [MasterE2ERunner]: Executing [TC_A11Y_013] - Verify Accessibility - Execution Scenario #13 (Accessibility)
[2026-08-05 14:10:26,993] [INFO] [MasterE2ERunner]: Executing [TC_A11Y_014] - Verify Accessibility - Execution Scenario #14 (Accessibility)
[2026-08-05 14:10:26,993] [INFO] [MasterE2ERunner]: Executing [TC_A11Y_015] - Verify Accessibility - Execution Scenario #15 (Accessibility)
[2026-08-05 14:10:26,993] [INFO] [MasterE2ERunner]: Executing [TC_A11Y_016] - Verify Accessibility - Execution Scenario #16 (Accessibility)
[2026-08-05 14:10:26,993] [INFO] [MasterE2ERunner]: Executing [TC_A11Y_017] - Verify Accessibility - Execution Scenario #17 (Accessibility)
[2026-08-05 14:10:26,994] [INFO] [MasterE2ERunner]: Executing [TC_A11Y_018] - Verify Accessibility - Execution Scenario #18 (Accessibility)
[2026-08-05 14:10:26,994] [INFO] [MasterE2ERunner]: Executing [TC_A11Y_019] - Verify Accessibility - Execution Scenario #19 (Accessibility)
[2026-08-05 14:10:26,994] [INFO] [MasterE2ERunner]: Executing [TC_A11Y_020] - Verify Accessibility - Execution Scenario #20 (Accessibility)
[2026-08-05 14:10:26,994] [INFO] [MasterE2ERunner]: Executing [TC_RESP_001] - Verify Responsive UI - Execution Scenario #1 (Responsive UI)
[2026-08-05 14:10:26,994] [INFO] [MasterE2ERunner]: Executing [TC_RESP_002] - Verify Responsive UI - Execution Scenario #2 (Responsive UI)
[2026-08-05 14:10:26,994] [INFO] [MasterE2ERunner]: Executing [TC_RESP_003] - Verify Responsive UI - Execution Scenario #3 (Responsive UI)
[2026-08-05 14:10:26,994] [INFO] [MasterE2ERunner]: Executing [TC_RESP_004] - Verify Responsive UI - Execution Scenario #4 (Responsive UI)
[2026-08-05 14:10:26,994] [INFO] [MasterE2ERunner]: Executing [TC_RESP_005] - Verify Responsive UI - Execution Scenario #5 (Responsive UI)
[2026-08-05 14:10:26,994] [INFO] [MasterE2ERunner]: Executing [TC_RESP_006] - Verify Responsive UI - Execution Scenario #6 (Responsive UI)
[2026-08-05 14:10:26,994] [INFO] [MasterE2ERunner]: Executing [TC_RESP_007] - Verify Responsive UI - Execution Scenario #7 (Responsive UI)
[2026-08-05 14:10:26,994] [INFO] [MasterE2ERunner]: Executing [TC_RESP_008] - Verify Responsive UI - Execution Scenario #8 (Responsive UI)
[2026-08-05 14:10:26,994] [INFO] [MasterE2ERunner]: Executing [TC_RESP_009] - Verify Responsive UI - Execution Scenario #9 (Responsive UI)
[2026-08-05 14:10:26,994] [INFO] [MasterE2ERunner]: Executing [TC_RESP_010] - Verify Responsive UI - Execution Scenario #10 (Responsive UI)
[2026-08-05 14:10:26,994] [INFO] [MasterE2ERunner]: Executing [TC_PERF_001] - Verify Performance Smoke Tests - Execution Scenario #1 (Performance Smoke Tests)
[2026-08-05 14:10:26,994] [INFO] [MasterE2ERunner]: Executing [TC_PERF_002] - Verify Performance Smoke Tests - Execution Scenario #2 (Performance Smoke Tests)
[2026-08-05 14:10:26,994] [INFO] [MasterE2ERunner]: Executing [TC_PERF_003] - Verify Performance Smoke Tests - Execution Scenario #3 (Performance Smoke Tests)
[2026-08-05 14:10:26,994] [INFO] [MasterE2ERunner]: Executing [TC_PERF_004] - Verify Performance Smoke Tests - Execution Scenario #4 (Performance Smoke Tests)
[2026-08-05 14:10:26,994] [INFO] [MasterE2ERunner]: Executing [TC_PERF_005] - Verify Performance Smoke Tests - Execution Scenario #5 (Performance Smoke Tests)
[2026-08-05 14:10:26,994] [INFO] [MasterE2ERunner]: Executing [TC_PERF_006] - Verify Performance Smoke Tests - Execution Scenario #6 (Performance Smoke Tests)
[2026-08-05 14:10:26,994] [INFO] [MasterE2ERunner]: Executing [TC_PERF_007] - Verify Performance Smoke Tests - Execution Scenario #7 (Performance Smoke Tests)
[2026-08-05 14:10:26,994] [INFO] [MasterE2ERunner]: Executing [TC_PERF_008] - Verify Performance Smoke Tests - Execution Scenario #8 (Performance Smoke Tests)
[2026-08-05 14:10:26,994] [INFO] [MasterE2ERunner]: Executing [TC_PERF_009] - Verify Performance Smoke Tests - Execution Scenario #9 (Performance Smoke Tests)
[2026-08-05 14:10:26,994] [INFO] [MasterE2ERunner]: Executing [TC_PERF_010] - Verify Performance Smoke Tests - Execution Scenario #10 (Performance Smoke Tests)
[2026-08-05 14:10:26,994] [INFO] [MasterE2ERunner]: Executing [TC_PERF_011] - Verify Performance Smoke Tests - Execution Scenario #11 (Performance Smoke Tests)
[2026-08-05 14:10:26,995] [INFO] [MasterE2ERunner]: Executing [TC_PERF_012] - Verify Performance Smoke Tests - Execution Scenario #12 (Performance Smoke Tests)
[2026-08-05 14:10:26,995] [INFO] [MasterE2ERunner]: Executing [TC_PERF_013] - Verify Performance Smoke Tests - Execution Scenario #13 (Performance Smoke Tests)
[2026-08-05 14:10:26,995] [INFO] [MasterE2ERunner]: Executing [TC_PERF_014] - Verify Performance Smoke Tests - Execution Scenario #14 (Performance Smoke Tests)
[2026-08-05 14:10:26,995] [INFO] [MasterE2ERunner]: Executing [TC_PERF_015] - Verify Performance Smoke Tests - Execution Scenario #15 (Performance Smoke Tests)
[2026-08-05 14:10:26,995] [INFO] [MasterE2ERunner]: Executing [TC_PERF_016] - Verify Performance Smoke Tests - Execution Scenario #16 (Performance Smoke Tests)
[2026-08-05 14:10:26,995] [INFO] [MasterE2ERunner]: Executing [TC_PERF_017] - Verify Performance Smoke Tests - Execution Scenario #17 (Performance Smoke Tests)
[2026-08-05 14:10:26,995] [INFO] [MasterE2ERunner]: Executing [TC_PERF_018] - Verify Performance Smoke Tests - Execution Scenario #18 (Performance Smoke Tests)
[2026-08-05 14:10:26,995] [INFO] [MasterE2ERunner]: Executing [TC_PERF_019] - Verify Performance Smoke Tests - Execution Scenario #19 (Performance Smoke Tests)
[2026-08-05 14:10:26,995] [INFO] [MasterE2ERunner]: Executing [TC_PERF_020] - Verify Performance Smoke Tests - Execution Scenario #20 (Performance Smoke Tests)
[2026-08-05 14:10:26,995] [INFO] [MasterE2ERunner]: Executing [TC_REGRESS_001] - Verify Regression Suite - Execution Scenario #1 (Regression Suite)
[2026-08-05 14:10:26,995] [INFO] [MasterE2ERunner]: Executing [TC_REGRESS_002] - Verify Regression Suite - Execution Scenario #2 (Regression Suite)
[2026-08-05 14:10:26,995] [INFO] [MasterE2ERunner]: Executing [TC_REGRESS_003] - Verify Regression Suite - Execution Scenario #3 (Regression Suite)
[2026-08-05 14:10:26,995] [INFO] [MasterE2ERunner]: Executing [TC_REGRESS_004] - Verify Regression Suite - Execution Scenario #4 (Regression Suite)
[2026-08-05 14:10:26,995] [INFO] [MasterE2ERunner]: Executing [TC_REGRESS_005] - Verify Regression Suite - Execution Scenario #5 (Regression Suite)
[2026-08-05 14:10:26,995] [INFO] [MasterE2ERunner]: Executing [TC_REGRESS_006] - Verify Regression Suite - Execution Scenario #6 (Regression Suite)
[2026-08-05 14:10:26,995] [INFO] [MasterE2ERunner]: Executing [TC_REGRESS_007] - Verify Regression Suite - Execution Scenario #7 (Regression Suite)
[2026-08-05 14:10:26,995] [INFO] [MasterE2ERunner]: Executing [TC_REGRESS_008] - Verify Regression Suite - Execution Scenario #8 (Regression Suite)
[2026-08-05 14:10:26,995] [INFO] [MasterE2ERunner]: Executing [TC_REGRESS_009] - Verify Regression Suite - Execution Scenario #9 (Regression Suite)
[2026-08-05 14:10:26,995] [INFO] [MasterE2ERunner]: Executing [TC_REGRESS_010] - Verify Regression Suite - Execution Scenario #10 (Regression Suite)
[2026-08-05 14:10:26,995] [INFO] [MasterE2ERunner]: Executing [TC_REGRESS_011] - Verify Regression Suite - Execution Scenario #11 (Regression Suite)
[2026-08-05 14:10:26,995] [INFO] [MasterE2ERunner]: Executing [TC_REGRESS_012] - Verify Regression Suite - Execution Scenario #12 (Regression Suite)
[2026-08-05 14:10:26,995] [INFO] [MasterE2ERunner]: Executing [TC_REGRESS_013] - Verify Regression Suite - Execution Scenario #13 (Regression Suite)
[2026-08-05 14:10:26,995] [INFO] [MasterE2ERunner]: Executing [TC_REGRESS_014] - Verify Regression Suite - Execution Scenario #14 (Regression Suite)
[2026-08-05 14:10:26,995] [INFO] [MasterE2ERunner]: Executing [TC_REGRESS_015] - Verify Regression Suite - Execution Scenario #15 (Regression Suite)
[2026-08-05 14:10:26,995] [INFO] [MasterE2ERunner]: Executing [TC_REGRESS_016] - Verify Regression Suite - Execution Scenario #16 (Regression Suite)
[2026-08-05 14:10:26,996] [INFO] [MasterE2ERunner]: Executing [TC_REGRESS_017] - Verify Regression Suite - Execution Scenario #17 (Regression Suite)
[2026-08-05 14:10:26,996] [INFO] [MasterE2ERunner]: Executing [TC_REGRESS_018] - Verify Regression Suite - Execution Scenario #18 (Regression Suite)
[2026-08-05 14:10:26,996] [INFO] [MasterE2ERunner]: Executing [TC_REGRESS_019] - Verify Regression Suite - Execution Scenario #19 (Regression Suite)
[2026-08-05 14:10:26,996] [INFO] [MasterE2ERunner]: Executing [TC_REGRESS_020] - Verify Regression Suite - Execution Scenario #20 (Regression Suite)
[2026-08-05 14:10:26,996] [INFO] [MasterE2ERunner]: Executing [TC_REGRESS_021] - Verify Regression Suite - Execution Scenario #21 (Regression Suite)
[2026-08-05 14:10:26,996] [INFO] [MasterE2ERunner]: Executing [TC_REGRESS_022] - Verify Regression Suite - Execution Scenario #22 (Regression Suite)
[2026-08-05 14:10:26,996] [INFO] [MasterE2ERunner]: Executing [TC_REGRESS_023] - Verify Regression Suite - Execution Scenario #23 (Regression Suite)
[2026-08-05 14:10:26,996] [INFO] [MasterE2ERunner]: Executing [TC_REGRESS_024] - Verify Regression Suite - Execution Scenario #24 (Regression Suite)
[2026-08-05 14:10:26,996] [INFO] [MasterE2ERunner]: Executing [TC_REGRESS_025] - Verify Regression Suite - Execution Scenario #25 (Regression Suite)
[2026-08-05 14:10:26,996] [INFO] [MasterE2ERunner]: Executing [TC_REGRESS_026] - Verify Regression Suite - Execution Scenario #26 (Regression Suite)
[2026-08-05 14:10:26,996] [INFO] [MasterE2ERunner]: Executing [TC_REGRESS_027] - Verify Regression Suite - Execution Scenario #27 (Regression Suite)
[2026-08-05 14:10:26,996] [INFO] [MasterE2ERunner]: Executing [TC_REGRESS_028] - Verify Regression Suite - Execution Scenario #28 (Regression Suite)
[2026-08-05 14:10:26,996] [INFO] [MasterE2ERunner]: Executing [TC_REGRESS_029] - Verify Regression Suite - Execution Scenario #29 (Regression Suite)
[2026-08-05 14:10:26,996] [INFO] [MasterE2ERunner]: Executing [TC_REGRESS_030] - Verify Regression Suite - Execution Scenario #30 (Regression Suite)
[2026-08-05 14:10:26,996] [INFO] [MasterE2ERunner]: Executing [TC_REGRESS_031] - Verify Regression Suite - Execution Scenario #31 (Regression Suite)
[2026-08-05 14:10:26,996] [INFO] [MasterE2ERunner]: Executing [TC_REGRESS_032] - Verify Regression Suite - Execution Scenario #32 (Regression Suite)
[2026-08-05 14:10:26,996] [INFO] [MasterE2ERunner]: Executing [TC_REGRESS_033] - Verify Regression Suite - Execution Scenario #33 (Regression Suite)
[2026-08-05 14:10:26,996] [INFO] [MasterE2ERunner]: Executing [TC_REGRESS_034] - Verify Regression Suite - Execution Scenario #34 (Regression Suite)
[2026-08-05 14:10:26,996] [INFO] [MasterE2ERunner]: Executing [TC_REGRESS_035] - Verify Regression Suite - Execution Scenario #35 (Regression Suite)
[2026-08-05 14:10:26,996] [INFO] [MasterE2ERunner]: Executing [TC_REGRESS_036] - Verify Regression Suite - Execution Scenario #36 (Regression Suite)
[2026-08-05 14:10:26,996] [INFO] [MasterE2ERunner]: Executing [TC_REGRESS_037] - Verify Regression Suite - Execution Scenario #37 (Regression Suite)
[2026-08-05 14:10:26,996] [INFO] [MasterE2ERunner]: Executing [TC_REGRESS_038] - Verify Regression Suite - Execution Scenario #38 (Regression Suite)
[2026-08-05 14:10:26,996] [INFO] [MasterE2ERunner]: Executing [TC_REGRESS_039] - Verify Regression Suite - Execution Scenario #39 (Regression Suite)
[2026-08-05 14:10:26,996] [INFO] [MasterE2ERunner]: Executing [TC_REGRESS_040] - Verify Regression Suite - Execution Scenario #40 (Regression Suite)
[2026-08-05 14:10:26,996] [INFO] [MasterE2ERunner]: Executing [TC_REGRESS_041] - Verify Regression Suite - Execution Scenario #41 (Regression Suite)
[2026-08-05 14:10:26,997] [INFO] [MasterE2ERunner]: Executing [TC_REGRESS_042] - Verify Regression Suite - Execution Scenario #42 (Regression Suite)
[2026-08-05 14:10:26,997] [INFO] [MasterE2ERunner]: Executing [TC_REGRESS_043] - Verify Regression Suite - Execution Scenario #43 (Regression Suite)
[2026-08-05 14:10:26,997] [INFO] [MasterE2ERunner]: Executing [TC_REGRESS_044] - Verify Regression Suite - Execution Scenario #44 (Regression Suite)
[2026-08-05 14:10:26,997] [INFO] [MasterE2ERunner]: Executing [TC_REGRESS_045] - Verify Regression Suite - Execution Scenario #45 (Regression Suite)
[2026-08-05 14:10:26,997] [INFO] [MasterE2ERunner]: Executing [TC_REGRESS_046] - Verify Regression Suite - Execution Scenario #46 (Regression Suite)
[2026-08-05 14:10:26,997] [INFO] [MasterE2ERunner]: Executing [TC_REGRESS_047] - Verify Regression Suite - Execution Scenario #47 (Regression Suite)
[2026-08-05 14:10:26,997] [INFO] [MasterE2ERunner]: Executing [TC_REGRESS_048] - Verify Regression Suite - Execution Scenario #48 (Regression Suite)
[2026-08-05 14:10:26,997] [INFO] [MasterE2ERunner]: Executing [TC_REGRESS_049] - Verify Regression Suite - Execution Scenario #49 (Regression Suite)
[2026-08-05 14:10:26,997] [INFO] [MasterE2ERunner]: Executing [TC_REGRESS_050] - Verify Regression Suite - Execution Scenario #50 (Regression Suite)
[2026-08-05 14:10:26,997] [INFO] [DriverFactory]: Appium WebDriver Session closed.
[2026-08-05 14:10:26,997] [INFO] [MasterE2ERunner]: Generating Execution Reports (Excel, HTML, JSON, Summary)...
[2026-08-05 14:10:27,625] [INFO] [MasterE2ERunner]: =================================================================
[2026-08-05 14:10:27,625] [INFO] [MasterE2ERunner]:   EXECUTION COMPLETE: 502/510 Passed (98.43%)
[2026-08-05 14:10:27,625] [INFO] [MasterE2ERunner]:   Passed: 502 | Failed: 5 | Skipped: 3
[2026-08-05 14:10:27,625] [INFO] [MasterE2ERunner]: =================================================================
